ðŸŒŸ This was machine generated.  Do not edit. ðŸŒŸ

Frame[0] {}
Name: 
Dimensions: 2 Fields by 3 Rows
+-------------------------------+--------------------------+
| Name: Time                    | Name:                    |
| Labels:                       | Labels: host=hostname.ru |
| Type: []time.Time             | Type: []*float64         |
+-------------------------------+--------------------------+
| 2020-06-05 12:06:00 +0000 UTC | 8.291                    |
| 2020-06-05 12:07:00 +0000 UTC | 0.534                    |
| 2020-06-05 12:08:00 +0000 UTC | 0.667                    |
+-------------------------------+--------------------------+


====== TEST DATA RESPONSE (arrow base64) ======
FRAME=QVJST1cxAAD/////0AEAABAAAAAAAAoADgAMAAsABAAKAAAAFAAAAAAAAAEDAAoADAAAAAgABAAKAAAACAAAAHQAAAADAAAATAAAACgAAAAEAAAAxP7//wgAAAAMAAAAAAAAAAAAAAAFAAAAcmVmSWQAAADk/v//CAAAAAwAAAAAAAAAAAAAAAQAAABuYW1lAAAAAAT///8IAAAADAAAAAIAAAB7fQAABAAAAG1ldGEAAAAAAgAAALgAAAAYAAAAAAASABgAFAATABIADAAAAAgABAASAAAAFAAAAHAAAABwAAAAAAADAXAAAAACAAAAKAAAAAQAAABo////CAAAAAwAAAAAAAAAAAAAAAQAAABuYW1lAAAAAIj///8IAAAAIAAAABYAAAB7Imhvc3QiOiJob3N0bmFtZS5ydSJ9AAAGAAAAbGFiZWxzAAAAAAAAjv///wAAAgAAAAAAAAASABgAFAAAABMADAAAAAgABAASAAAAFAAAAEQAAABMAAAAAAAACkwAAAABAAAADAAAAAgADAAIAAQACAAAAAgAAAAQAAAABAAAAFRpbWUAAAAABAAAAG5hbWUAAAAAAAAAAAAABgAIAAYABgAAAAAAAwAEAAAAVGltZQAAAAAAAAAA/////7gAAAAUAAAAAAAAAAwAFgAUABMADAAEAAwAAAAwAAAAAAAAABQAAAAAAAADAwAKABgADAAIAAQACgAAABQAAABYAAAAAwAAAAAAAAAAAAAABAAAAAAAAAAAAAAAAAAAAAAAAAAAAAAAAAAAABgAAAAAAAAAGAAAAAAAAAAAAAAAAAAAABgAAAAAAAAAGAAAAAAAAAAAAAAAAgAAAAMAAAAAAAAAAAAAAAAAAAADAAAAAAAAAAAAAAAAAAAAAJABYFykFRYA6EhYaqQVFgBAkFB4pBUWokW28/2UIEBKDAIrhxbhP/LSTWIQWOU/EAAAAAwAFAASAAwACAAEAAwAAAAQAAAALAAAADgAAAAAAAMAAQAAAOABAAAAAAAAwAAAAAAAAAAwAAAAAAAAAAAAAAAAAAAAAAAKAAwAAAAIAAQACgAAAAgAAAB0AAAAAwAAAEwAAAAoAAAABAAAAMT+//8IAAAADAAAAAAAAAAAAAAABQAAAHJlZklkAAAA5P7//wgAAAAMAAAAAAAAAAAAAAAEAAAAbmFtZQAAAAAE////CAAAAAwAAAACAAAAe30AAAQAAABtZXRhAAAAAAIAAAC4AAAAGAAAAAAAEgAYABQAEwASAAwAAAAIAAQAEgAAABQAAABwAAAAcAAAAAAAAwFwAAAAAgAAACgAAAAEAAAAaP///wgAAAAMAAAAAAAAAAAAAAAEAAAAbmFtZQAAAACI////CAAAACAAAAAWAAAAeyJob3N0IjoiaG9zdG5hbWUucnUifQAABgAAAGxhYmVscwAAAAAAAI7///8AAAIAAAAAAAAAEgAYABQAAAATAAwAAAAIAAQAEgAAABQAAABEAAAATAAAAAAAAApMAAAAAQAAAAwAAAAIAAwACAAEAAgAAAAIAAAAEAAAAAQAAABUaW1lAAAAAAQAAABuYW1lAAAAAAAAAAAAAAYACAAGAAYAAAAAAAMABAAAAFRpbWUAAAAA+AEAAEFSUk9XMQ==
