ðŸŒŸ This was machine generated.  Do not edit. ðŸŒŸ

Frame[0] {}
Name: ingress
Dimensions: 2 Fields by 1 Rows
+-------------------------------+---------------------------------+
| Name: Time                    | Name: file_size                 |
| Labels:                       | Labels: dead=true, train=350117 |
| Type: []time.Time             | Type: []*int64                  |
+-------------------------------+---------------------------------+
| 2020-11-09 17:27:00 +0000 UTC | 3339                            |
+-------------------------------+---------------------------------+



Frame[1] 
Name: ingress
Dimensions: 2 Fields by 1 Rows
+-------------------------------+---------------------------------+
| Name: Time                    | Name: file_size                 |
| Labels:                       | Labels: dead=true, train=350125 |
| Type: []time.Time             | Type: []*int64                  |
+-------------------------------+---------------------------------+
| 2020-11-10 12:29:00 +0000 UTC | 3666                            |
+-------------------------------+---------------------------------+



Frame[2] 
Name: ingress
Dimensions: 2 Fields by 1 Rows
+-------------------------------+---------------------------------+
| Name: Time                    | Name: file_size                 |
| Labels:                       | Labels: dead=true, train=350236 |
| Type: []time.Time             | Type: []*int64                  |
+-------------------------------+---------------------------------+
| 2020-11-09 19:01:00 +0000 UTC | 3570                            |
+-------------------------------+---------------------------------+



Frame[3] 
Name: ingress
Dimensions: 2 Fields by 1 Rows
+-------------------------------+---------------------------------+
| Name: Time                    | Name: file_size                 |
| Labels:                       | Labels: dead=true, train=350410 |
| Type: []time.Time             | Type: []*int64                  |
+-------------------------------+---------------------------------+
| 2020-11-09 07:13:00 +0000 UTC | 2772                            |
+-------------------------------+---------------------------------+


====== TEST DATA RESPONSE (arrow base64) ======
FRAME=QVJST1cxAAD/////+AEAABAAAAAAAAoADgAMAAsABAAKAAAAFAAAAAAAAAEDAAoADAAAAAgABAAKAAAACAAAAHgAAAADAAAAUAAAACgAAAAEAAAAmP7//wgAAAAMAAAAAAAAAAAAAAAFAAAAcmVmSWQAAAC4/v//CAAAABAAAAAHAAAAaW5ncmVzcwAEAAAAbmFtZQAAAADc/v//CAAAAAwAAAACAAAAe30AAAQAAABtZXRhAAAAAAIAAADgAAAAGAAAAAAAEgAYABQAEwASAAwAAAAIAAQAEgAAABQAAACEAAAAjAAAAAAAAgGQAAAAAgAAADAAAAAEAAAAQP///wgAAAAUAAAACQAAAGZpbGVfc2l6ZQAAAAQAAABuYW1lAAAAAGj///8IAAAALAAAACAAAAB7ImRlYWQiOiJ0cnVlIiwidHJhaW4iOiIzNTAxMTcifQAAAAAGAAAAbGFiZWxzAAAAAAAACAAMAAgABwAIAAAAAAAAAUAAAAAJAAAAZmlsZV9zaXplABIAGAAUAAAAEwAMAAAACAAEABIAAAAUAAAARAAAAEwAAAAAAAAKTAAAAAEAAAAMAAAACAAMAAgABAAIAAAACAAAABAAAAAEAAAAVGltZQAAAAAEAAAAbmFtZQAAAAAAAAAAAAAGAAgABgAGAAAAAAADAAQAAABUaW1lAAAAAP////+4AAAAFAAAAAAAAAAMABYAFAATAAwABAAMAAAAEAAAAAAAAAAUAAAAAAAAAwMACgAYAAwACAAEAAoAAAAUAAAAWAAAAAEAAAAAAAAAAAAAAAQAAAAAAAAAAAAAAAAAAAAAAAAAAAAAAAAAAAAIAAAAAAAAAAgAAAAAAAAAAAAAAAAAAAAIAAAAAAAAAAgAAAAAAAAAAAAAAAIAAAABAAAAAAAAAAAAAAAAAAAAAQAAAAAAAAAAAAAAAAAAAADo6c795kUWCw0AAAAAAAAQAAAADAAUABIADAAIAAQADAAAABAAAAAsAAAAPAAAAAAAAwABAAAACAIAAAAAAADAAAAAAAAAABAAAAAAAAAAAAAAAAAAAAAAAAAAAAAKAAwAAAAIAAQACgAAAAgAAAB4AAAAAwAAAFAAAAAoAAAABAAAAJj+//8IAAAADAAAAAAAAAAAAAAABQAAAHJlZklkAAAAuP7//wgAAAAQAAAABwAAAGluZ3Jlc3MABAAAAG5hbWUAAAAA3P7//wgAAAAMAAAAAgAAAHt9AAAEAAAAbWV0YQAAAAACAAAA4AAAABgAAAAAABIAGAAUABMAEgAMAAAACAAEABIAAAAUAAAAhAAAAIwAAAAAAAIBkAAAAAIAAAAwAAAABAAAAED///8IAAAAFAAAAAkAAABmaWxlX3NpemUAAAAEAAAAbmFtZQAAAABo////CAAAACwAAAAgAAAAeyJkZWFkIjoidHJ1ZSIsInRyYWluIjoiMzUwMTE3In0AAAAABgAAAGxhYmVscwAAAAAAAAgADAAIAAcACAAAAAAAAAFAAAAACQAAAGZpbGVfc2l6ZQASABgAFAAAABMADAAAAAgABAASAAAAFAAAAEQAAABMAAAAAAAACkwAAAABAAAADAAAAAgADAAIAAQACAAAAAgAAAAQAAAABAAAAFRpbWUAAAAABAAAAG5hbWUAAAAAAAAAAAAABgAIAAYABgAAAAAAAwAEAAAAVGltZQAAAAAoAgAAQVJST1cx
FRAME=QVJST1cxAAD/////2AEAABAAAAAAAAoADgAMAAsABAAKAAAAFAAAAAAAAAEDAAoADAAAAAgABAAKAAAACAAAAFQAAAACAAAAKAAAAAQAAAC4/v//CAAAAAwAAAAAAAAAAAAAAAUAAAByZWZJZAAAANj+//8IAAAAEAAAAAcAAABpbmdyZXNzAAQAAABuYW1lAAAAAAIAAADgAAAAGAAAAAAAEgAYABQAEwASAAwAAAAIAAQAEgAAABQAAACEAAAAjAAAAAAAAgGQAAAAAgAAADAAAAAEAAAAQP///wgAAAAUAAAACQAAAGZpbGVfc2l6ZQAAAAQAAABuYW1lAAAAAGj///8IAAAALAAAACAAAAB7ImRlYWQiOiJ0cnVlIiwidHJhaW4iOiIzNTAxMjUifQAAAAAGAAAAbGFiZWxzAAAAAAAACAAMAAgABwAIAAAAAAAAAUAAAAAJAAAAZmlsZV9zaXplABIAGAAUAAAAEwAMAAAACAAEABIAAAAUAAAARAAAAEwAAAAAAAAKTAAAAAEAAAAMAAAACAAMAAgABAAIAAAACAAAABAAAAAEAAAAVGltZQAAAAAEAAAAbmFtZQAAAAAAAAAAAAAGAAgABgAGAAAAAAADAAQAAABUaW1lAAAAAAAAAAD/////uAAAABQAAAAAAAAADAAWABQAEwAMAAQADAAAABAAAAAAAAAAFAAAAAAAAAMDAAoAGAAMAAgABAAKAAAAFAAAAFgAAAABAAAAAAAAAAAAAAAEAAAAAAAAAAAAAAAAAAAAAAAAAAAAAAAAAAAACAAAAAAAAAAIAAAAAAAAAAAAAAAAAAAACAAAAAAAAAAIAAAAAAAAAAAAAAACAAAAAQAAAAAAAAAAAAAAAAAAAAEAAAAAAAAAAAAAAAAAAAAAeCxdTyVGFlIOAAAAAAAAEAAAAAwAFAASAAwACAAEAAwAAAAQAAAALAAAADgAAAAAAAMAAQAAAOgBAAAAAAAAwAAAAAAAAAAQAAAAAAAAAAAAAAAAAAAAAAAKAAwAAAAIAAQACgAAAAgAAABUAAAAAgAAACgAAAAEAAAAuP7//wgAAAAMAAAAAAAAAAAAAAAFAAAAcmVmSWQAAADY/v//CAAAABAAAAAHAAAAaW5ncmVzcwAEAAAAbmFtZQAAAAACAAAA4AAAABgAAAAAABIAGAAUABMAEgAMAAAACAAEABIAAAAUAAAAhAAAAIwAAAAAAAIBkAAAAAIAAAAwAAAABAAAAED///8IAAAAFAAAAAkAAABmaWxlX3NpemUAAAAEAAAAbmFtZQAAAABo////CAAAACwAAAAgAAAAeyJkZWFkIjoidHJ1ZSIsInRyYWluIjoiMzUwMTI1In0AAAAABgAAAGxhYmVscwAAAAAAAAgADAAIAAcACAAAAAAAAAFAAAAACQAAAGZpbGVfc2l6ZQASABgAFAAAABMADAAAAAgABAASAAAAFAAAAEQAAABMAAAAAAAACkwAAAABAAAADAAAAAgADAAIAAQACAAAAAgAAAAQAAAABAAAAFRpbWUAAAAABAAAAG5hbWUAAAAAAAAAAAAABgAIAAYABgAAAAAAAwAEAAAAVGltZQAAAAAAAgAAQVJST1cx
FRAME=QVJST1cxAAD/////2AEAABAAAAAAAAoADgAMAAsABAAKAAAAFAAAAAAAAAEDAAoADAAAAAgABAAKAAAACAAAAFQAAAACAAAAKAAAAAQAAAC4/v//CAAAAAwAAAAAAAAAAAAAAAUAAAByZWZJZAAAANj+//8IAAAAEAAAAAcAAABpbmdyZXNzAAQAAABuYW1lAAAAAAIAAADgAAAAGAAAAAAAEgAYABQAEwASAAwAAAAIAAQAEgAAABQAAACEAAAAjAAAAAAAAgGQAAAAAgAAADAAAAAEAAAAQP///wgAAAAUAAAACQAAAGZpbGVfc2l6ZQAAAAQAAABuYW1lAAAAAGj///8IAAAALAAAACAAAAB7ImRlYWQiOiJ0cnVlIiwidHJhaW4iOiIzNTAyMzYifQAAAAAGAAAAbGFiZWxzAAAAAAAACAAMAAgABwAIAAAAAAAAAUAAAAAJAAAAZmlsZV9zaXplABIAGAAUAAAAEwAMAAAACAAEABIAAAAUAAAARAAAAEwAAAAAAAAKTAAAAAEAAAAMAAAACAAMAAgABAAIAAAACAAAABAAAAAEAAAAVGltZQAAAAAEAAAAbmFtZQAAAAAAAAAAAAAGAAgABgAGAAAAAAADAAQAAABUaW1lAAAAAAAAAAD/////uAAAABQAAAAAAAAADAAWABQAEwAMAAQADAAAABAAAAAAAAAAFAAAAAAAAAMDAAoAGAAMAAgABAAKAAAAFAAAAFgAAAABAAAAAAAAAAAAAAAEAAAAAAAAAAAAAAAAAAAAAAAAAAAAAAAAAAAACAAAAAAAAAAIAAAAAAAAAAAAAAAAAAAACAAAAAAAAAAIAAAAAAAAAAAAAAACAAAAAQAAAAAAAAAAAAAAAAAAAAEAAAAAAAAAAAAAAAAAAAAAOBz5HuxFFvINAAAAAAAAEAAAAAwAFAASAAwACAAEAAwAAAAQAAAALAAAADgAAAAAAAMAAQAAAOgBAAAAAAAAwAAAAAAAAAAQAAAAAAAAAAAAAAAAAAAAAAAKAAwAAAAIAAQACgAAAAgAAABUAAAAAgAAACgAAAAEAAAAuP7//wgAAAAMAAAAAAAAAAAAAAAFAAAAcmVmSWQAAADY/v//CAAAABAAAAAHAAAAaW5ncmVzcwAEAAAAbmFtZQAAAAACAAAA4AAAABgAAAAAABIAGAAUABMAEgAMAAAACAAEABIAAAAUAAAAhAAAAIwAAAAAAAIBkAAAAAIAAAAwAAAABAAAAED///8IAAAAFAAAAAkAAABmaWxlX3NpemUAAAAEAAAAbmFtZQAAAABo////CAAAACwAAAAgAAAAeyJkZWFkIjoidHJ1ZSIsInRyYWluIjoiMzUwMjM2In0AAAAABgAAAGxhYmVscwAAAAAAAAgADAAIAAcACAAAAAAAAAFAAAAACQAAAGZpbGVfc2l6ZQASABgAFAAAABMADAAAAAgABAASAAAAFAAAAEQAAABMAAAAAAAACkwAAAABAAAADAAAAAgADAAIAAQACAAAAAgAAAAQAAAABAAAAFRpbWUAAAAABAAAAG5hbWUAAAAAAAAAAAAABgAIAAYABgAAAAAAAwAEAAAAVGltZQAAAAAAAgAAQVJST1cx
FRAME=QVJST1cxAAD/////2AEAABAAAAAAAAoADgAMAAsABAAKAAAAFAAAAAAAAAEDAAoADAAAAAgABAAKAAAACAAAAFQAAAACAAAAKAAAAAQAAAC4/v//CAAAAAwAAAAAAAAAAAAAAAUAAAByZWZJZAAAANj+//8IAAAAEAAAAAcAAABpbmdyZXNzAAQAAABuYW1lAAAAAAIAAADgAAAAGAAAAAAAEgAYABQAEwASAAwAAAAIAAQAEgAAABQAAACEAAAAjAAAAAAAAgGQAAAAAgAAADAAAAAEAAAAQP///wgAAAAUAAAACQAAAGZpbGVfc2l6ZQAAAAQAAABuYW1lAAAAAGj///8IAAAALAAAACAAAAB7ImRlYWQiOiJ0cnVlIiwidHJhaW4iOiIzNTA0MTAifQAAAAAGAAAAbGFiZWxzAAAAAAAACAAMAAgABwAIAAAAAAAAAUAAAAAJAAAAZmlsZV9zaXplABIAGAAUAAAAEwAMAAAACAAEABIAAAAUAAAARAAAAEwAAAAAAAAKTAAAAAEAAAAMAAAACAAMAAgABAAIAAAACAAAABAAAAAEAAAAVGltZQAAAAAEAAAAbmFtZQAAAAAAAAAAAAAGAAgABgAGAAAAAAADAAQAAABUaW1lAAAAAAAAAAD/////uAAAABQAAAAAAAAADAAWABQAEwAMAAQADAAAABAAAAAAAAAAFAAAAAAAAAMDAAoAGAAMAAgABAAKAAAAFAAAAFgAAAABAAAAAAAAAAAAAAAEAAAAAAAAAAAAAAAAAAAAAAAAAAAAAAAAAAAACAAAAAAAAAAIAAAAAAAAAAAAAAAAAAAACAAAAAAAAAAIAAAAAAAAAAAAAAACAAAAAQAAAAAAAAAAAAAAAAAAAAEAAAAAAAAAAAAAAAAAAAAA2MxTfMVFFtQKAAAAAAAAEAAAAAwAFAASAAwACAAEAAwAAAAQAAAALAAAADgAAAAAAAMAAQAAAOgBAAAAAAAAwAAAAAAAAAAQAAAAAAAAAAAAAAAAAAAAAAAKAAwAAAAIAAQACgAAAAgAAABUAAAAAgAAACgAAAAEAAAAuP7//wgAAAAMAAAAAAAAAAAAAAAFAAAAcmVmSWQAAADY/v//CAAAABAAAAAHAAAAaW5ncmVzcwAEAAAAbmFtZQAAAAACAAAA4AAAABgAAAAAABIAGAAUABMAEgAMAAAACAAEABIAAAAUAAAAhAAAAIwAAAAAAAIBkAAAAAIAAAAwAAAABAAAAED///8IAAAAFAAAAAkAAABmaWxlX3NpemUAAAAEAAAAbmFtZQAAAABo////CAAAACwAAAAgAAAAeyJkZWFkIjoidHJ1ZSIsInRyYWluIjoiMzUwNDEwIn0AAAAABgAAAGxhYmVscwAAAAAAAAgADAAIAAcACAAAAAAAAAFAAAAACQAAAGZpbGVfc2l6ZQASABgAFAAAABMADAAAAAgABAASAAAAFAAAAEQAAABMAAAAAAAACkwAAAABAAAADAAAAAgADAAIAAQACAAAAAgAAAAQAAAABAAAAFRpbWUAAAAABAAAAG5hbWUAAAAAAAAAAAAABgAIAAYABgAAAAAAAwAEAAAAVGltZQAAAAAAAgAAQVJST1cx
