ðŸŒŸ This was machine generated.  Do not edit. ðŸŒŸ

Frame[0] {}
Name: test
Dimensions: 2 Fields by 2 Rows
+-----------------------------------------+-------------------------+
| Name: Time                              | Name: f                 |
| Labels:                                 | Labels: a=1, b=adsfasdf |
| Type: []time.Time                       | Type: []*float64        |
+-----------------------------------------+-------------------------+
| 2020-02-18 10:34:08.135814545 +0000 UTC | 1.4                     |
| 2020-02-18 22:08:44.850214724 +0000 UTC | 6.6                     |
+-----------------------------------------+-------------------------+



Frame[1] 
Name: test
Dimensions: 2 Fields by 2 Rows
+-----------------------------------------+-------------------------+
| Name: Time                              | Name: i                 |
| Labels:                                 | Labels: a=1, b=adsfasdf |
| Type: []time.Time                       | Type: []*int64          |
+-----------------------------------------+-------------------------+
| 2020-02-18 10:34:08.135814545 +0000 UTC | 4                       |
| 2020-02-18 22:08:44.850214724 +0000 UTC | -1                      |
+-----------------------------------------+-------------------------+



Frame[2] 
Name: test
Dimensions: 2 Fields by 2 Rows
+-----------------------------------------+-------------------------+
| Name: _start                            | Name: i                 |
| Labels:                                 | Labels: a=0, b=adsfasdf |
| Type: []time.Time                       | Type: []*uint64         |
+-----------------------------------------+-------------------------+
| 2020-02-17 22:19:49.747562847 +0000 UTC | 0                       |
| 2020-02-17 22:19:49.747562847 +0000 UTC | 2                       |
+-----------------------------------------+-------------------------+


====== TEST DATA RESPONSE (arrow base64) ======
FRAME=QVJST1cxAAD/////2AEAABAAAAAAAAoADgAMAAsABAAKAAAAFAAAAAAAAAEDAAoADAAAAAgABAAKAAAACAAAAHgAAAADAAAAUAAAACgAAAAEAAAAvP7//wgAAAAMAAAAAAAAAAAAAAAFAAAAcmVmSWQAAADc/v//CAAAABAAAAAEAAAAdGVzdAAAAAAEAAAAbmFtZQAAAAAA////CAAAAAwAAAACAAAAe30AAAQAAABtZXRhAAAAAAIAAAC8AAAAGAAAAAAAEgAYABQAEwASAAwAAAAIAAQAEgAAABQAAAB0AAAAdAAAAAAAAwF0AAAAAgAAACgAAAAEAAAAZP///wgAAAAMAAAAAQAAAGYAAAAEAAAAbmFtZQAAAACE////CAAAACQAAAAYAAAAeyJhIjoiMSIsImIiOiJhZHNmYXNkZiJ9AAAAAAYAAABsYWJlbHMAAAAAAACO////AAACAAEAAABmABIAGAAUAAAAEwAMAAAACAAEABIAAAAUAAAARAAAAEwAAAAAAAAKTAAAAAEAAAAMAAAACAAMAAgABAAIAAAACAAAABAAAAAEAAAAVGltZQAAAAAEAAAAbmFtZQAAAAAAAAAAAAAGAAgABgAGAAAAAAADAAQAAABUaW1lAAAAAAAAAAD/////uAAAABQAAAAAAAAADAAWABQAEwAMAAQADAAAACAAAAAAAAAAFAAAAAAAAAMDAAoAGAAMAAgABAAKAAAAFAAAAFgAAAACAAAAAAAAAAAAAAAEAAAAAAAAAAAAAAAAAAAAAAAAAAAAAAAAAAAAEAAAAAAAAAAQAAAAAAAAAAAAAAAAAAAAEAAAAAAAAAAQAAAAAAAAAAAAAAACAAAAAgAAAAAAAAAAAAAAAAAAAAIAAAAAAAAAAAAAAAAAAACRnfi9q3j0FUR3uluTnvQVZmZmZmZm9j9mZmZmZmYaQBAAAAAMABQAEgAMAAgABAAMAAAAEAAAACwAAAA4AAAAAAADAAEAAADoAQAAAAAAAMAAAAAAAAAAIAAAAAAAAAAAAAAAAAAAAAAACgAMAAAACAAEAAoAAAAIAAAAeAAAAAMAAABQAAAAKAAAAAQAAAC8/v//CAAAAAwAAAAAAAAAAAAAAAUAAAByZWZJZAAAANz+//8IAAAAEAAAAAQAAAB0ZXN0AAAAAAQAAABuYW1lAAAAAAD///8IAAAADAAAAAIAAAB7fQAABAAAAG1ldGEAAAAAAgAAALwAAAAYAAAAAAASABgAFAATABIADAAAAAgABAASAAAAFAAAAHQAAAB0AAAAAAADAXQAAAACAAAAKAAAAAQAAABk////CAAAAAwAAAABAAAAZgAAAAQAAABuYW1lAAAAAIT///8IAAAAJAAAABgAAAB7ImEiOiIxIiwiYiI6ImFkc2Zhc2RmIn0AAAAABgAAAGxhYmVscwAAAAAAAI7///8AAAIAAQAAAGYAEgAYABQAAAATAAwAAAAIAAQAEgAAABQAAABEAAAATAAAAAAAAApMAAAAAQAAAAwAAAAIAAwACAAEAAgAAAAIAAAAEAAAAAQAAABUaW1lAAAAAAQAAABuYW1lAAAAAAAAAAAAAAYACAAGAAYAAAAAAAMABAAAAFRpbWUAAAAAAAIAAEFSUk9XMQ==
FRAME=QVJST1cxAAD/////wAEAABAAAAAAAAoADgAMAAsABAAKAAAAFAAAAAAAAAEDAAoADAAAAAgABAAKAAAACAAAAFQAAAACAAAAKAAAAAQAAADQ/v//CAAAAAwAAAAAAAAAAAAAAAUAAAByZWZJZAAAAPD+//8IAAAAEAAAAAQAAAB0ZXN0AAAAAAQAAABuYW1lAAAAAAIAAADIAAAAGAAAAAAAEgAYABQAEwASAAwAAAAIAAQAEgAAABQAAAB0AAAAfAAAAAAAAgGAAAAAAgAAACgAAAAEAAAAWP///wgAAAAMAAAAAQAAAGkAAAAEAAAAbmFtZQAAAAB4////CAAAACQAAAAYAAAAeyJhIjoiMSIsImIiOiJhZHNmYXNkZiJ9AAAAAAYAAABsYWJlbHMAAAAAAAAIAAwACAAHAAgAAAAAAAABQAAAAAEAAABpABIAGAAUAAAAEwAMAAAACAAEABIAAAAUAAAARAAAAEwAAAAAAAAKTAAAAAEAAAAMAAAACAAMAAgABAAIAAAACAAAABAAAAAEAAAAVGltZQAAAAAEAAAAbmFtZQAAAAAAAAAAAAAGAAgABgAGAAAAAAADAAQAAABUaW1lAAAAAAAAAAD/////uAAAABQAAAAAAAAADAAWABQAEwAMAAQADAAAACAAAAAAAAAAFAAAAAAAAAMDAAoAGAAMAAgABAAKAAAAFAAAAFgAAAACAAAAAAAAAAAAAAAEAAAAAAAAAAAAAAAAAAAAAAAAAAAAAAAAAAAAEAAAAAAAAAAQAAAAAAAAAAAAAAAAAAAAEAAAAAAAAAAQAAAAAAAAAAAAAAACAAAAAgAAAAAAAAAAAAAAAAAAAAIAAAAAAAAAAAAAAAAAAACRnfi9q3j0FUR3uluTnvQVBAAAAAAAAAD//////////xAAAAAMABQAEgAMAAgABAAMAAAAEAAAACwAAAA4AAAAAAADAAEAAADQAQAAAAAAAMAAAAAAAAAAIAAAAAAAAAAAAAAAAAAAAAAACgAMAAAACAAEAAoAAAAIAAAAVAAAAAIAAAAoAAAABAAAAND+//8IAAAADAAAAAAAAAAAAAAABQAAAHJlZklkAAAA8P7//wgAAAAQAAAABAAAAHRlc3QAAAAABAAAAG5hbWUAAAAAAgAAAMgAAAAYAAAAAAASABgAFAATABIADAAAAAgABAASAAAAFAAAAHQAAAB8AAAAAAACAYAAAAACAAAAKAAAAAQAAABY////CAAAAAwAAAABAAAAaQAAAAQAAABuYW1lAAAAAHj///8IAAAAJAAAABgAAAB7ImEiOiIxIiwiYiI6ImFkc2Zhc2RmIn0AAAAABgAAAGxhYmVscwAAAAAAAAgADAAIAAcACAAAAAAAAAFAAAAAAQAAAGkAEgAYABQAAAATAAwAAAAIAAQAEgAAABQAAABEAAAATAAAAAAAAApMAAAAAQAAAAwAAAAIAAwACAAEAAgAAAAIAAAAEAAAAAQAAABUaW1lAAAAAAQAAABuYW1lAAAAAAAAAAAAAAYACAAGAAYAAAAAAAMABAAAAFRpbWUAAAAA6AEAAEFSUk9XMQ==
FRAME=QVJST1cxAAD/////uAEAABAAAAAAAAoADgAMAAsABAAKAAAAFAAAAAAAAAEDAAoADAAAAAgABAAKAAAACAAAAFQAAAACAAAAKAAAAAQAAADU/v//CAAAAAwAAAAAAAAAAAAAAAUAAAByZWZJZAAAAPT+//8IAAAAEAAAAAQAAAB0ZXN0AAAAAAQAAABuYW1lAAAAAAIAAADEAAAAGAAAAAAAEgAYABQAEwASAAwAAAAIAAQAEgAAABQAAAB0AAAAfAAAAAAAAgF8AAAAAgAAACgAAAAEAAAAXP///wgAAAAMAAAAAQAAAGkAAAAEAAAAbmFtZQAAAAB8////CAAAACQAAAAYAAAAeyJhIjoiMCIsImIiOiJhZHNmYXNkZiJ9AAAAAAYAAABsYWJlbHMAAAAAAAAAAAYACAAEAAYAAABAAAAAAQAAAGkAEgAYABQAAAATAAwAAAAIAAQAEgAAABQAAABEAAAATAAAAAAAAApMAAAAAQAAAAwAAAAIAAwACAAEAAgAAAAIAAAAEAAAAAYAAABfc3RhcnQAAAQAAABuYW1lAAAAAAAAAAAAAAYACAAGAAYAAAAAAAMABgAAAF9zdGFydAAA/////7gAAAAUAAAAAAAAAAwAFgAUABMADAAEAAwAAAAgAAAAAAAAABQAAAAAAAADAwAKABgADAAIAAQACgAAABQAAABYAAAAAgAAAAAAAAAAAAAABAAAAAAAAAAAAAAAAAAAAAAAAAAAAAAAAAAAABAAAAAAAAAAEAAAAAAAAAAAAAAAAAAAABAAAAAAAAAAEAAAAAAAAAAAAAAAAgAAAAIAAAAAAAAAAAAAAAAAAAACAAAAAAAAAAAAAAAAAAAAX9ljmZlQ9BVf2WOZmVD0FQAAAAAAAAAAAgAAAAAAAAAQAAAADAAUABIADAAIAAQADAAAABAAAAAsAAAAPAAAAAAAAwABAAAAyAEAAAAAAADAAAAAAAAAACAAAAAAAAAAAAAAAAAAAAAAAAAAAAAKAAwAAAAIAAQACgAAAAgAAABUAAAAAgAAACgAAAAEAAAA1P7//wgAAAAMAAAAAAAAAAAAAAAFAAAAcmVmSWQAAAD0/v//CAAAABAAAAAEAAAAdGVzdAAAAAAEAAAAbmFtZQAAAAACAAAAxAAAABgAAAAAABIAGAAUABMAEgAMAAAACAAEABIAAAAUAAAAdAAAAHwAAAAAAAIBfAAAAAIAAAAoAAAABAAAAFz///8IAAAADAAAAAEAAABpAAAABAAAAG5hbWUAAAAAfP///wgAAAAkAAAAGAAAAHsiYSI6IjAiLCJiIjoiYWRzZmFzZGYifQAAAAAGAAAAbGFiZWxzAAAAAAAAAAAGAAgABAAGAAAAQAAAAAEAAABpABIAGAAUAAAAEwAMAAAACAAEABIAAAAUAAAARAAAAEwAAAAAAAAKTAAAAAEAAAAMAAAACAAMAAgABAAIAAAACAAAABAAAAAGAAAAX3N0YXJ0AAAEAAAAbmFtZQAAAAAAAAAAAAAGAAgABgAGAAAAAAADAAYAAABfc3RhcnQAAOgBAABBUlJPVzE=
