ðŸŒŸ This was machine generated.  Do not edit. ðŸŒŸ

Frame[0] {}
Name: 
Dimensions: 2 Fields by 1 Rows
+-----------------------------------------+------------------+
| Name: _start_water                      | Name:            |
| Labels:                                 | Labels: st=1     |
| Type: []time.Time                       | Type: []*float64 |
+-----------------------------------------+------------------+
| 2020-06-28 17:50:13.012584046 +0000 UTC | 156.304          |
+-----------------------------------------+------------------+


====== TEST DATA RESPONSE (arrow base64) ======
FRAME=QVJST1cxAAD/////0AEAABAAAAAAAAoADgAMAAsABAAKAAAAFAAAAAAAAAEDAAoADAAAAAgABAAKAAAACAAAAHQAAAADAAAATAAAACgAAAAEAAAA0P7//wgAAAAMAAAAAAAAAAAAAAAFAAAAcmVmSWQAAADw/v//CAAAAAwAAAAAAAAAAAAAAAQAAABuYW1lAAAAABD///8IAAAADAAAAAIAAAB7fQAABAAAAG1ldGEAAAAAAgAAAKwAAAAYAAAAAAASABgAFAATABIADAAAAAgABAASAAAAFAAAAGQAAABkAAAAAAADAWQAAAACAAAAKAAAAAQAAAB0////CAAAAAwAAAAAAAAAAAAAAAQAAABuYW1lAAAAAJT///8IAAAAFAAAAAoAAAB7InN0IjoiMSJ9AAAGAAAAbGFiZWxzAAAAAAAAhv///wAAAgAAAAAAAAASABgAFAAAABMADAAAAAgABAASAAAAFAAAAEwAAABUAAAAAAAAClQAAAABAAAADAAAAAgADAAIAAQACAAAAAgAAAAYAAAADAAAAF9zdGFydF93YXRlcgAAAAAEAAAAbmFtZQAAAAAAAAAAAAAGAAgABgAGAAAAAAADAAwAAABfc3RhcnRfd2F0ZXIAAAAA/////7gAAAAUAAAAAAAAAAwAFgAUABMADAAEAAwAAAAQAAAAAAAAABQAAAAAAAADAwAKABgADAAIAAQACgAAABQAAABYAAAAAQAAAAAAAAAAAAAABAAAAAAAAAAAAAAAAAAAAAAAAAAAAAAAAAAAAAgAAAAAAAAACAAAAAAAAAAAAAAAAAAAAAgAAAAAAAAACAAAAAAAAAAAAAAAAgAAAAEAAAAAAAAAAAAAAAAAAAABAAAAAAAAAAAAAAAAAAAAbhaVFX7GHBZ9PzVeuoljQBAAAAAMABQAEgAMAAgABAAMAAAAEAAAACwAAAA8AAAAAAADAAEAAADgAQAAAAAAAMAAAAAAAAAAEAAAAAAAAAAAAAAAAAAAAAAAAAAAAAoADAAAAAgABAAKAAAACAAAAHQAAAADAAAATAAAACgAAAAEAAAA0P7//wgAAAAMAAAAAAAAAAAAAAAFAAAAcmVmSWQAAADw/v//CAAAAAwAAAAAAAAAAAAAAAQAAABuYW1lAAAAABD///8IAAAADAAAAAIAAAB7fQAABAAAAG1ldGEAAAAAAgAAAKwAAAAYAAAAAAASABgAFAATABIADAAAAAgABAASAAAAFAAAAGQAAABkAAAAAAADAWQAAAACAAAAKAAAAAQAAAB0////CAAAAAwAAAAAAAAAAAAAAAQAAABuYW1lAAAAAJT///8IAAAAFAAAAAoAAAB7InN0IjoiMSJ9AAAGAAAAbGFiZWxzAAAAAAAAhv///wAAAgAAAAAAAAASABgAFAAAABMADAAAAAgABAASAAAAFAAAAEwAAABUAAAAAAAAClQAAAABAAAADAAAAAgADAAIAAQACAAAAAgAAAAYAAAADAAAAF9zdGFydF93YXRlcgAAAAAEAAAAbmFtZQAAAAAAAAAAAAAGAAgABgAGAAAAAAADAAwAAABfc3RhcnRfd2F0ZXIAAAAAAAIAAEFSUk9XMQ==
