ðŸŒŸ This was machine generated.  Do not edit. ðŸŒŸ

Frame[0] {}
Name: 
Dimensions: 2 Fields by 20 Rows
+---------------------+-------------------------------+
| Name: MeanAggregate | Name: time                    |
| Labels:             | Labels:                       |
| Type: []*float64    | Type: []*time.Time            |
+---------------------+-------------------------------+
| 0                   | 2020-07-14 03:26:31 +0000 UTC |
| 0                   | 2020-07-14 03:26:32 +0000 UTC |
| 0                   | 2020-07-14 03:26:35 +0000 UTC |
| 0                   | 2020-07-14 03:29:33 +0000 UTC |
| 29.38586956521739   | 2020-07-14 04:59:41 +0000 UTC |
| 0                   | 2020-07-14 05:04:24 +0000 UTC |
| 7.306756756756757   | 2020-07-14 05:04:25 +0000 UTC |
| 3.633736559139785   | 2020-07-14 05:04:26 +0000 UTC |
| 3.6143048128342246  | 2020-07-14 05:04:27 +0000 UTC |
| ...                 | ...                           |
+---------------------+-------------------------------+


====== TEST DATA RESPONSE (arrow base64) ======
FRAME=QVJST1cxAAD/////mAEAABAAAAAAAAoADgAMAAsABAAKAAAAFAAAAAAAAAEDAAoADAAAAAgABAAKAAAACAAAAHQAAAADAAAATAAAACgAAAAEAAAACP///wgAAAAMAAAAAAAAAAAAAAAFAAAAcmVmSWQAAAAo////CAAAAAwAAAAAAAAAAAAAAAQAAABuYW1lAAAAAEj///8IAAAADAAAAAIAAAB7fQAABAAAAG1ldGEAAAAAAgAAAHQAAAAEAAAApv///xQAAAA8AAAAPAAAAAAACgE8AAAAAQAAAAQAAACU////CAAAABAAAAAEAAAAdGltZQAAAAAEAAAAbmFtZQAAAAAAAAAAgv///wAAAwAEAAAAdGltZQAAEgAYABQAEwASAAwAAAAIAAQAEgAAABQAAABMAAAAVAAAAAAAAwFUAAAAAQAAAAwAAAAIAAwACAAEAAgAAAAIAAAAGAAAAA0AAABNZWFuQWdncmVnYXRlAAAABAAAAG5hbWUAAAAAAAAAAAAABgAIAAYABgAAAAAAAgANAAAATWVhbkFnZ3JlZ2F0ZQAAAP////+4AAAAFAAAAAAAAAAMABYAFAATAAwABAAMAAAAQAEAAAAAAAAUAAAAAAAAAwMACgAYAAwACAAEAAoAAAAUAAAAWAAAABQAAAAAAAAAAAAAAAQAAAAAAAAAAAAAAAAAAAAAAAAAAAAAAAAAAACgAAAAAAAAAKAAAAAAAAAAAAAAAAAAAACgAAAAAAAAAKAAAAAAAAAAAAAAAAIAAAAUAAAAAAAAAAAAAAAAAAAAFAAAAAAAAAAAAAAAAAAAAAAAAAAAAAAAAAAAAAAAAAAAAAAAAAAAAAAAAAAAAAAAZCELWchiPUAAAAAAAAAAAKJjeHEeOh1AkkceeeQRDUDqL0ekGOoMQGJyBTG5wgxAo45I0zgcAEDE63zmvjsiQAAAAAAAAAAAAAAAAAAAAAAAAAAAAAAAAAAAAAAAAAAAAAAAAAAAAADXjY+JHhX4P2V5GaRjLQBANIHOXb0oAEAARt5ppYAhFgAQeaWlgCEWAG5JWKaAIRYA4unJz4AhFgAi1e+6hSEWAHDy0/yFIRYAOo0P/YUhFgAEKEv9hSEWAM7Chv2FIRYAmF3C/YUhFgDabh/iliEWANh9PsqbIRYA9r4Y/5shFgDAWVT/myEWAIr0j/+bIRYAVI/L/5shFgAeKgcAnCEWAOjEQgCcIRYAsl9+AJwhFgB8+rkAnCEWEAAAAAwAFAASAAwACAAEAAwAAAAQAAAALAAAADwAAAAAAAMAAQAAAKgBAAAAAAAAwAAAAAAAAABAAQAAAAAAAAAAAAAAAAAAAAAAAAAACgAMAAAACAAEAAoAAAAIAAAAdAAAAAMAAABMAAAAKAAAAAQAAAAI////CAAAAAwAAAAAAAAAAAAAAAUAAAByZWZJZAAAACj///8IAAAADAAAAAAAAAAAAAAABAAAAG5hbWUAAAAASP///wgAAAAMAAAAAgAAAHt9AAAEAAAAbWV0YQAAAAACAAAAdAAAAAQAAACm////FAAAADwAAAA8AAAAAAAKATwAAAABAAAABAAAAJT///8IAAAAEAAAAAQAAAB0aW1lAAAAAAQAAABuYW1lAAAAAAAAAACC////AAADAAQAAAB0aW1lAAASABgAFAATABIADAAAAAgABAASAAAAFAAAAEwAAABUAAAAAAADAVQAAAABAAAADAAAAAgADAAIAAQACAAAAAgAAAAYAAAADQAAAE1lYW5BZ2dyZWdhdGUAAAAEAAAAbmFtZQAAAAAAAAAAAAAGAAgABgAGAAAAAAACAA0AAABNZWFuQWdncmVnYXRlAAAAyAEAAEFSUk9XMQ==
