ðŸŒŸ This was machine generated.  Do not edit. ðŸŒŸ

Frame[0] {}
Name: test
Dimensions: 2 Fields by 2 Rows
+-----------------------------------------+-------------------------+
| Name: Time                              | Name: f                 |
| Labels:                                 | Labels: a=1, b=adsfasdf |
| Type: []time.Time                       | Type: []*float64        |
+-----------------------------------------+-------------------------+
| 2020-02-18 10:34:08.135814545 +0000 UTC | 1.4                     |
| 2020-02-18 22:08:44.850214724 +0000 UTC | 6.6                     |
+-----------------------------------------+-------------------------+


====== TEST DATA RESPONSE (arrow base64) ======
FRAME=QVJST1cxAAD/////2AEAABAAAAAAAAoADgAMAAsABAAKAAAAFAAAAAAAAAEDAAoADAAAAAgABAAKAAAACAAAAHgAAAADAAAAUAAAACgAAAAEAAAAvP7//wgAAAAMAAAAAAAAAAAAAAAFAAAAcmVmSWQAAADc/v//CAAAABAAAAAEAAAAdGVzdAAAAAAEAAAAbmFtZQAAAAAA////CAAAAAwAAAACAAAAe30AAAQAAABtZXRhAAAAAAIAAAC8AAAAGAAAAAAAEgAYABQAEwASAAwAAAAIAAQAEgAAABQAAAB0AAAAdAAAAAAAAwF0AAAAAgAAACgAAAAEAAAAZP///wgAAAAMAAAAAQAAAGYAAAAEAAAAbmFtZQAAAACE////CAAAACQAAAAYAAAAeyJhIjoiMSIsImIiOiJhZHNmYXNkZiJ9AAAAAAYAAABsYWJlbHMAAAAAAACO////AAACAAEAAABmABIAGAAUAAAAEwAMAAAACAAEABIAAAAUAAAARAAAAEwAAAAAAAAKTAAAAAEAAAAMAAAACAAMAAgABAAIAAAACAAAABAAAAAEAAAAVGltZQAAAAAEAAAAbmFtZQAAAAAAAAAAAAAGAAgABgAGAAAAAAADAAQAAABUaW1lAAAAAAAAAAD/////uAAAABQAAAAAAAAADAAWABQAEwAMAAQADAAAACAAAAAAAAAAFAAAAAAAAAMDAAoAGAAMAAgABAAKAAAAFAAAAFgAAAACAAAAAAAAAAAAAAAEAAAAAAAAAAAAAAAAAAAAAAAAAAAAAAAAAAAAEAAAAAAAAAAQAAAAAAAAAAAAAAAAAAAAEAAAAAAAAAAQAAAAAAAAAAAAAAACAAAAAgAAAAAAAAAAAAAAAAAAAAIAAAAAAAAAAAAAAAAAAACRnfi9q3j0FUR3uluTnvQVZmZmZmZm9j9mZmZmZmYaQBAAAAAMABQAEgAMAAgABAAMAAAAEAAAACwAAAA4AAAAAAADAAEAAADoAQAAAAAAAMAAAAAAAAAAIAAAAAAAAAAAAAAAAAAAAAAACgAMAAAACAAEAAoAAAAIAAAAeAAAAAMAAABQAAAAKAAAAAQAAAC8/v//CAAAAAwAAAAAAAAAAAAAAAUAAAByZWZJZAAAANz+//8IAAAAEAAAAAQAAAB0ZXN0AAAAAAQAAABuYW1lAAAAAAD///8IAAAADAAAAAIAAAB7fQAABAAAAG1ldGEAAAAAAgAAALwAAAAYAAAAAAASABgAFAATABIADAAAAAgABAASAAAAFAAAAHQAAAB0AAAAAAADAXQAAAACAAAAKAAAAAQAAABk////CAAAAAwAAAABAAAAZgAAAAQAAABuYW1lAAAAAIT///8IAAAAJAAAABgAAAB7ImEiOiIxIiwiYiI6ImFkc2Zhc2RmIn0AAAAABgAAAGxhYmVscwAAAAAAAI7///8AAAIAAQAAAGYAEgAYABQAAAATAAwAAAAIAAQAEgAAABQAAABEAAAATAAAAAAAAApMAAAAAQAAAAwAAAAIAAwACAAEAAgAAAAIAAAAEAAAAAQAAABUaW1lAAAAAAQAAABuYW1lAAAAAAAAAAAAAAYACAAGAAYAAAAAAAMABAAAAFRpbWUAAAAAAAIAAEFSUk9XMQ==
