ðŸŒŸ This was machine generated.  Do not edit. ðŸŒŸ

Frame[0] {}
Name: 
Dimensions: 2 Fields by 1 Rows
+-----------------------+----------------+
| Name: _field          | Name: _value   |
| Labels:               | Labels:        |
| Type: []*string       | Type: []*int64 |
+-----------------------+----------------+
| summary_serial_number | 6              |
+-----------------------+----------------+


====== TEST DATA RESPONSE (arrow base64) ======
FRAME=QVJST1cxAAD/////kAEAABAAAAAAAAoADgAMAAsABAAKAAAAFAAAAAAAAAEDAAoADAAAAAgABAAKAAAACAAAAHQAAAADAAAATAAAACgAAAAEAAAA+P7//wgAAAAMAAAAAAAAAAAAAAAFAAAAcmVmSWQAAAAY////CAAAAAwAAAAAAAAAAAAAAAQAAABuYW1lAAAAADj///8IAAAADAAAAAIAAAB7fQAABAAAAG1ldGEAAAAAAgAAAIQAAAAEAAAAlv///xQAAAA8AAAARAAAAAAAAgFIAAAAAQAAAAQAAACE////CAAAABAAAAAGAAAAX3ZhbHVlAAAEAAAAbmFtZQAAAAAAAAAACAAMAAgABwAIAAAAAAAAAUAAAAAGAAAAX3ZhbHVlAAAAABIAGAAUABMAEgAMAAAACAAEABIAAAAUAAAARAAAAEgAAAAAAAUBRAAAAAEAAAAMAAAACAAMAAgABAAIAAAACAAAABAAAAAGAAAAX2ZpZWxkAAAEAAAAbmFtZQAAAAAAAAAABAAEAAQAAAAGAAAAX2ZpZWxkAAD/////yAAAABQAAAAAAAAADAAWABQAEwAMAAQADAAAACgAAAAAAAAAFAAAAAAAAAMDAAoAGAAMAAgABAAKAAAAFAAAAGgAAAABAAAAAAAAAAAAAAAFAAAAAAAAAAAAAAAAAAAAAAAAAAAAAAAAAAAACAAAAAAAAAAIAAAAAAAAABgAAAAAAAAAIAAAAAAAAAAAAAAAAAAAACAAAAAAAAAACAAAAAAAAAAAAAAAAgAAAAEAAAAAAAAAAAAAAAAAAAABAAAAAAAAAAAAAAAAAAAAAAAAABUAAABzdW1tYXJ5X3NlcmlhbF9udW1iZXIAAAAGAAAAAAAAABAAAAAMABQAEgAMAAgABAAMAAAAEAAAACwAAAA8AAAAAAADAAEAAACgAQAAAAAAANAAAAAAAAAAKAAAAAAAAAAAAAAAAAAAAAAAAAAAAAoADAAAAAgABAAKAAAACAAAAHQAAAADAAAATAAAACgAAAAEAAAA+P7//wgAAAAMAAAAAAAAAAAAAAAFAAAAcmVmSWQAAAAY////CAAAAAwAAAAAAAAAAAAAAAQAAABuYW1lAAAAADj///8IAAAADAAAAAIAAAB7fQAABAAAAG1ldGEAAAAAAgAAAIQAAAAEAAAAlv///xQAAAA8AAAARAAAAAAAAgFIAAAAAQAAAAQAAACE////CAAAABAAAAAGAAAAX3ZhbHVlAAAEAAAAbmFtZQAAAAAAAAAACAAMAAgABwAIAAAAAAAAAUAAAAAGAAAAX3ZhbHVlAAAAABIAGAAUABMAEgAMAAAACAAEABIAAAAUAAAARAAAAEgAAAAAAAUBRAAAAAEAAAAMAAAACAAMAAgABAAIAAAACAAAABAAAAAGAAAAX2ZpZWxkAAAEAAAAbmFtZQAAAAAAAAAABAAEAAQAAAAGAAAAX2ZpZWxkAADAAQAAQVJST1cx
